// Jest Snapshot v1, https://goo.gl/fbAQLP

exports[`card text renders appliesStrengthTwiceCard 1`] = `"3⚔️+1⚔️ for every self 💪"`;

exports[`card text renders bleedCard 1`] = `"2🩸"`;

exports[`card text renders bleedStarterCard 1`] = `"1🩸"`;

exports[`card text renders bleedTrashCard 1`] = `"3🩸trash this card"`;

exports[`card text renders bothBleedCard 1`] = `"3🩸3🩸to self"`;

exports[`card text renders damageCard 1`] = `"5⚔️"`;

exports[`card text renders damageForEachBleedCard 1`] = `"1⚔️for every opponent 🩸"`;

exports[`card text renders damageForEachCard 1`] = `"+1⚔️ for every 2 self cards in decktrash this card"`;

exports[`card text renders damageForEachCardPlayedCard 1`] = `"3⚔️+2⚔️ for every self cards played this turn"`;

exports[`card text renders damageForEachMissingHealthCard 1`] = `"12⚔️+-1⚔️ for every 2 self health"`;

exports[`card text renders damageForEachTrashedCard 1`] = `"3⚔️+1⚔️ for every opponent trashed cards+1⚔️ for every self trashed cards"`;

exports[`card text renders damageSelfIfMissCard 1`] = `"7⚔️4⚔️to selfif hits = 0"`;

exports[`card text renders damageStarterCard 1`] = `"3⚔️"`;

exports[`card text renders damageTrashStarterCard 1`] = `"5⚔️trash this card"`;

exports[`card text renders dodgeAndTrashCard 1`] = `"2 trash2💨to selftrash this card2 trash2💨"`;

exports[`card text renders dodgeStarterCard 1`] = `"1💨to self"`;

exports[`card text renders doubleBleedCard 1`] = `"+1🩸, trash this card for every opponent 🩸"`;

exports[`card text renders doubleDodgeIfLowHealthCard 1`] = `"1💨+1💨 to self if self health <= 50% self max health"`;

exports[`card text renders doubleStrengthCard 1`] = `"+1💪, trash this card to self for every self 💪"`;

exports[`card text renders extraCardIfHighDamageCard 1`] = `"3⚔️+1🃏, +1💨 to self if damage dealt >= 7"`;

exports[`card text renders extraCardIfHighHealthCard 1`] = `"3❤️to self+2🃏 to self if self health >= self max health"`;

exports[`card text renders extraPlayCard 1`] = `"2⚔️1🃏to self"`;

exports[`card text renders extraPlayHealCard 1`] = `"3❤️1🃏to self"`;

exports[`card text renders extraPlayIfBleedCard 1`] = `"4⚔️+1🃏 to self if opponent 🩸 > 0"`;

exports[`card text renders extraPlayIfExtraPlayCard 1`] = `"1⚔️1🃏+1🃏 to self if self cards played this turn > 0"`;

exports[`card text renders extraPlayIfLowHealthCard 1`] = `"3⚔️+3🃏 to self if self health <= 50% self max health"`;

exports[`card text renders extraPlayStarterCard 1`] = `"1⚔️1🃏to self"`;

exports[`card text renders extraPlaysTrashCard 1`] = `"2🃏to selftrash this card"`;

exports[`card text renders gainStrengthForBleedCard 1`] = `"+1💪 to self for every opponent 🩸1🩸"`;

exports[`card text renders healCard 1`] = `"7❤️to self"`;

exports[`card text renders healForEachTrashedCard 1`] = `"4❤️+1❤️ to self for every opponent trashed cards+1❤️ to self for every self trashed cards"`;

exports[`card text renders healStarterCard 1`] = `"4❤️to self"`;

exports[`card text renders healTrashStarterCard 1`] = `"7❤️to selftrash this card"`;

exports[`card text renders lifestealCard 1`] = `"3⚔️+1❤️ to self for every damage dealt"`;

exports[`card text renders multihitCard 1`] = `"1⚔️3x times"`;

exports[`card text renders multihitStarterCard 1`] = `"1⚔️2x times"`;

exports[`card text renders plusHealForEachTrashedCard 1`] = `"4❤️+1❤️ to self for every opponent trashed cards"`;

exports[`card text renders selfDamageCard 1`] = `"7⚔️4⚔️to selfif self health > 50% self max health"`;

exports[`card text renders setHealthToHalfCard 1`] = `"1🃏+1⚔️ to self for every self health+1❤️ to self for every 2 self max health"`;

exports[`card text renders strengthCard 1`] = `"2💪to self"`;

exports[`card text renders strengthStarterCard 1`] = `"1💪to self"`;

exports[`card text renders strengthTrashCard 1`] = `"3💪to selftrash this card"`;

exports[`card text renders trashAndExtraPlayCard 1`] = `"2 trash2🃏to self"`;

exports[`card text renders trashAndTrashSelfCard 1`] = `"3 trashtrash this card"`;

exports[`card text renders trashCard 1`] = `"2 trash"`;

exports[`card text renders trashForOpponentHealthCard 1`] = `"+1 trash for every 5 opponent health"`;
